// Jest Snapshot v1, https://goo.gl/fbAQLP

exports[`Test App components App snapshot renders correctly 1`] = `
<div
  className="App"
>
  <header>
    <header
      className="navbar navbar-default navbar-fixed-top "
      id="topnav"
    >
      <div
        className="container-fluid"
      >
        <div
          className="logo-area"
        >
          <a
            className="navbar-brand"
            href="/home"
            onClick={[Function]}
          >
            Human Brain Project
          </a>
          <span
            className="toolbar-trigger toolbar-icon-bg"
          >
            <a
              href="/data/mydata"
              onClick={[Function]}
              title="My data"
            >
              <span
                className="icon-bg"
              >
                <i
                  className="ti ti-menu"
                />
              </span>
            </a>
          </span>
          <span
            className="toolbar-trigger toolbar-icon-bg"
          >
            <a
              href="/data/communitydata"
              onClick={[Function]}
              title="My community"
            >
              <span
                className="icon-bg"
              >
                <i
                  className="ti ti-world"
                />
              </span>
            </a>
          </span>
        </div>
        <div
          className="app-instance-name"
        >
          <h2>
            MIP
          </h2>
        </div>
        <ul
          className="nav navbar-nav toolbar pull-right"
        >
          <li
            className="toolbar-icon-bg hidden-xs"
          >
            <a
              href="/explore"
              onClick={[Function]}
              title="Epidemiological Exploration "
            >
              <span
                className="icon-bg"
              >
                <i>
                  EE
                </i>
              </span>
            </a>
          </li>
          <li
            className="toolbar-icon-bg hidden-xs"
          >
            <a
              aria-current={null}
              href="/v3/review"
              onClick={[Function]}
              title="Interactive Analysis"
            >
              <span
                className="icon-bg"
              >
                <i>
                  IA
                </i>
              </span>
            </a>
          </li>
          <li
            className="toolbar-icon-bg hidden-xs bsd"
          >
            <span
              title="Biological Signature of Diseases"
            >
              <div
                className="dropdown btn-group btn-group-default"
              >
                <button
                  aria-expanded={false}
                  aria-haspopup={true}
                  className="dropdown-toggle btn btn-default"
                  disabled={false}
                  id="experiment-dropdown"
                  onClick={[Function]}
                  onKeyDown={[Function]}
                  role="button"
                  type="button"
                >
                  BSD
                </button>
                <ul
                  aria-labelledby="experiment-dropdown"
                  className="dropdown-menu"
                  role="menu"
                >
                  <div
                    onKeyDown={[Function]}
                    onSelect={[Function]}
                    style={
                      Object {
                        "margin": "8px",
                      }
                    }
                  >
                    <span>
                      <p>
                        You have no running experiments.
                      </p>
                      <p>
                        You can start one by selecting a model and configuring an experiment on it.
                      </p>
                    </span>
                  </div>
                </ul>
              </div>
            </span>
          </li>
          <li
            className="uib-dropdown toolbar-icon-bg"
          >
            <a
              className="uib-dropdown-toggle username"
              data-position="right"
              href="#"
            >
              <img
                alt="anonymous"
                className="img-circle"
                src="default_user.png"
              />
            </a>
            <ul
              className="dropdown-menu userinfo arrow"
            >
              <li>
                <a
                  href="/profile"
                  ui-sref="profile"
                >
                  <i
                    className="ti ti-user"
                  />
                  <span>
                    Profile
                  </span>
                </a>
              </li>
              <li
                className="divider"
              />
              <li>
                <a
                  href=""
                  id="logout-link"
                  ng-click="logout()"
                >
                  <i
                    className="ti ti-shift-right"
                  />
                  <span>
                    Sign out
                  </span>
                </a>
              </li>
            </ul>
          </li>
          <li
            className="toolbar-icon-bg hidden-xs help"
          >
            <div
              className="dropdown btn-group btn-group-default"
            >
              <button
                aria-expanded={false}
                aria-haspopup={true}
                className="dropdown-toggle btn btn-default"
                disabled={false}
                id="experiment-dropdown"
                onClick={[Function]}
                onKeyDown={[Function]}
                role="button"
                type="button"
              >
                ?
              </button>
              <ul
                aria-labelledby="experiment-dropdown"
                className="dropdown-menu"
                role="menu"
              >
                <li
                  className=""
                  role="presentation"
                >
                  <a
                    href="#"
                    onClick={[Function]}
                    onKeyDown={[Function]}
                    role="menuitem"
                    tabIndex="-1"
                  >
                    <span
                      className="glyphicon-book glyph"
                    />
                     MIP Documentation
                  </a>
                </li>
                <li
                  className=""
                  role="presentation"
                >
                  <a
                    href="#"
                    onClick={[Function]}
                    onKeyDown={[Function]}
                    role="menuitem"
                    tabIndex="-1"
                  >
                    <span
                      className="glyphicon-film glyph"
                    />
                     MIP introduction (video)
                  </a>
                </li>
                <div
                  onKeyDown={[Function]}
                  onSelect={[Function]}
                  style={
                    Object {
                      "marginLeft": "28px",
                    }
                  }
                >
                  <span
                    className="glyphicon-envelope glyph"
                  />
                   Email us at
                   
                  <a
                    href="mailto://support@humanbrainproject.eu"
                  >
                    support@humanbrainproject.eu
                  </a>
                </div>
                <div
                  onKeyDown={[Function]}
                  onSelect={[Function]}
                  style={
                    Object {
                      "padding": "1em",
                      "width": "380px",
                    }
                  }
                >
                  <div>
                    <div
                      id="feedback-form"
                    />
                  </div>
                </div>
              </ul>
            </div>
          </li>
          <li
            className="toolbar-trigger toolbar-icon-bg"
          >
            <a
              href="/hbpapps"
              title="App"
              ui-sref="hbpapps"
            >
              <span
                className="icon-bg"
              >
                <i
                  className="ti ti-layout-grid3-alt "
                  style={
                    Object {
                      "fontFamily": "themify",
                      "fontWeight": "normal",
                    }
                  }
                />
              </span>
            </a>
          </li>
        </ul>
      </div>
    </header>
  </header>
  <section
    className="main-content"
  />
  <footer
    id="footer"
  >
    <div
      className="clearfix container-fluid"
    >
      <div
        className="row"
      >
        <ul
          className="list-unstyled list-inline col-md-6"
        >
          <li>
            <h6
              className="copyright"
            >
              © 2015-2019 Human Brain Project. All right reserved
            </h6>
          </li>
        </ul>
        <div
          className="col-md-6 text-right"
        >
           | Mode: 
        </div>
      </div>
    </div>
  </footer>
</div>
`;

exports[`Test App components AppContainer snapshot renders correctly 1`] = `
<div
  className="App"
>
  <header>
    <header
      className="navbar navbar-default navbar-fixed-top "
      id="topnav"
    >
      <div
        className="container-fluid"
      >
        <div
          className="logo-area"
        >
          <a
            className="navbar-brand"
            href="/home"
            onClick={[Function]}
          >
            Human Brain Project
          </a>
          <span
            className="toolbar-trigger toolbar-icon-bg"
          >
            <a
              href="/data/mydata"
              onClick={[Function]}
              title="My data"
            >
              <span
                className="icon-bg"
              >
                <i
                  className="ti ti-menu"
                />
              </span>
            </a>
          </span>
          <span
            className="toolbar-trigger toolbar-icon-bg"
          >
            <a
              href="/data/communitydata"
              onClick={[Function]}
              title="My community"
            >
              <span
                className="icon-bg"
              >
                <i
                  className="ti ti-world"
                />
              </span>
            </a>
          </span>
        </div>
        <div
          className="app-instance-name"
        >
          <h2>
            MIP
          </h2>
        </div>
        <ul
          className="nav navbar-nav toolbar pull-right"
        >
          <li
            className="toolbar-icon-bg hidden-xs"
          >
            <a
              href="/explore"
              onClick={[Function]}
              title="Epidemiological Exploration "
            >
              <span
                className="icon-bg"
              >
                <i>
                  EE
                </i>
              </span>
            </a>
          </li>
          <li
            className="toolbar-icon-bg hidden-xs"
          >
            <a
              aria-current={null}
              href="/v3/review"
              onClick={[Function]}
              title="Interactive Analysis"
            >
              <span
                className="icon-bg"
              >
                <i>
                  IA
                </i>
              </span>
            </a>
          </li>
          <li
            className="toolbar-icon-bg hidden-xs bsd"
          >
            <span
              title="Biological Signature of Diseases"
            >
              <div
                className="dropdown btn-group btn-group-default"
              >
                <button
                  aria-expanded={false}
                  aria-haspopup={true}
                  className="dropdown-toggle btn btn-default"
                  disabled={false}
                  id="experiment-dropdown"
                  onClick={[Function]}
                  onKeyDown={[Function]}
                  role="button"
                  type="button"
                >
                  BSD
                </button>
                <ul
                  aria-labelledby="experiment-dropdown"
                  className="dropdown-menu"
                  role="menu"
                >
                  <div
                    onKeyDown={[Function]}
                    onSelect={[Function]}
                    style={
                      Object {
                        "margin": "8px",
                      }
                    }
                  >
                    <span>
                      <p>
                        You have no running experiments.
                      </p>
                      <p>
                        You can start one by selecting a model and configuring an experiment on it.
                      </p>
                    </span>
                  </div>
                </ul>
              </div>
            </span>
          </li>
          <li
            className="uib-dropdown toolbar-icon-bg"
          >
            <a
              className="uib-dropdown-toggle username"
              data-position="right"
              href="#"
            >
              <img
                alt="anonymous"
                className="img-circle"
                src="default_user.png"
              />
            </a>
            <ul
              className="dropdown-menu userinfo arrow"
            >
              <li>
                <a
                  href="/profile"
                  ui-sref="profile"
                >
                  <i
                    className="ti ti-user"
                  />
                  <span>
                    Profile
                  </span>
                </a>
              </li>
              <li
                className="divider"
              />
              <li>
                <a
                  href=""
                  id="logout-link"
                  ng-click="logout()"
                >
                  <i
                    className="ti ti-shift-right"
                  />
                  <span>
                    Sign out
                  </span>
                </a>
              </li>
            </ul>
          </li>
          <li
            className="toolbar-icon-bg hidden-xs help"
          >
            <div
              className="dropdown btn-group btn-group-default"
            >
              <button
                aria-expanded={false}
                aria-haspopup={true}
                className="dropdown-toggle btn btn-default"
                disabled={false}
                id="experiment-dropdown"
                onClick={[Function]}
                onKeyDown={[Function]}
                role="button"
                type="button"
              >
                ?
              </button>
              <ul
                aria-labelledby="experiment-dropdown"
                className="dropdown-menu"
                role="menu"
              >
                <li
                  className=""
                  role="presentation"
                >
                  <a
                    href="#"
                    onClick={[Function]}
                    onKeyDown={[Function]}
                    role="menuitem"
                    tabIndex="-1"
                  >
                    <span
                      className="glyphicon-book glyph"
                    />
                     MIP Documentation
                  </a>
                </li>
                <li
                  className=""
                  role="presentation"
                >
                  <a
                    href="#"
                    onClick={[Function]}
                    onKeyDown={[Function]}
                    role="menuitem"
                    tabIndex="-1"
                  >
                    <span
                      className="glyphicon-film glyph"
                    />
                     MIP introduction (video)
                  </a>
                </li>
                <div
                  onKeyDown={[Function]}
                  onSelect={[Function]}
                  style={
                    Object {
                      "marginLeft": "28px",
                    }
                  }
                >
                  <span
                    className="glyphicon-envelope glyph"
                  />
                   Email us at
                   
                  <a
                    href="mailto://support@humanbrainproject.eu"
                  >
                    support@humanbrainproject.eu
                  </a>
                </div>
                <div
                  onKeyDown={[Function]}
                  onSelect={[Function]}
                  style={
                    Object {
                      "padding": "1em",
                      "width": "380px",
                    }
                  }
                >
                  <div>
                    <div
                      id="feedback-form"
                    />
                  </div>
                </div>
              </ul>
            </div>
          </li>
          <li
            className="toolbar-trigger toolbar-icon-bg"
          >
            <a
              href="/hbpapps"
              title="App"
              ui-sref="hbpapps"
            >
              <span
                className="icon-bg"
              >
                <i
                  className="ti ti-layout-grid3-alt "
                  style={
                    Object {
                      "fontFamily": "themify",
                      "fontWeight": "normal",
                    }
                  }
                />
              </span>
            </a>
          </li>
        </ul>
      </div>
    </header>
  </header>
  <section
    className="main-content"
  />
  <footer
    id="footer"
  >
    <div
      className="clearfix container-fluid"
    >
      <div
        className="row"
      >
        <ul
          className="list-unstyled list-inline col-md-6"
        >
          <li>
            <h6
              className="copyright"
            >
              © 2015-2019 Human Brain Project. All right reserved
            </h6>
          </li>
        </ul>
        <div
          className="col-md-6 text-right"
        >
           | Mode: 
        </div>
      </div>
    </div>
  </footer>
</div>
`;
