// Jest Snapshot v1, https://goo.gl/fbAQLP

exports[`Test App components App snapshot renders correctly 1`] = `
<div
  className="App"
>
  <header>
    <header
      className="navbar navbar-default navbar-fixed-top "
      id="topnav"
    >
      <div
        className="container-fluid"
      >
        <div
          className="logo-area"
        >
          <a
            aria-current={null}
            className="navbar-brand"
            href="/home"
            onClick={[Function]}
          >
            Human Brain Project
          </a>
        </div>
        <div
          className="app-instance-name"
        >
          <h2>
            MIP
          </h2>
        </div>
        <ul
          className="nav navbar-nav toolbar pull-right"
        >
          <li
            className="toolbar-icon-bg hidden-xs"
          >
            <a
              aria-current={null}
              href="/explore"
              onClick={[Function]}
              title="Epidemiological Exploration "
            >
              <span
                className="icon-bg"
              >
                <i>
                  EE
                </i>
              </span>
            </a>
          </li>
          <li
            className="toolbar-icon-bg hidden-xs"
          >
            <a
              aria-current={null}
              href="/review"
              onClick={[Function]}
              title="Interactive Analysis"
            >
              <span
                className="icon-bg"
              >
                <i>
                  IA
                </i>
              </span>
            </a>
          </li>
          <li
            className="toolbar-icon-bg hidden-xs bsd"
          >
            <span
              title="Biological Signature of Diseases"
            >
              <div
                className="dropdown btn-group btn-group-default"
              >
                <button
                  aria-expanded={false}
                  aria-haspopup={true}
                  className="dropdown-toggle btn btn-default"
                  disabled={false}
                  id="experiment-dropdown"
                  onClick={[Function]}
                  onKeyDown={[Function]}
                  role="button"
                  type="button"
                >
                  BSD
                </button>
                <ul
                  aria-labelledby="experiment-dropdown"
                  className="dropdown-menu"
                  role="menu"
                >
                  <div
                    onKeyDown={[Function]}
                    onSelect={[Function]}
                    style={
                      Object {
                        "margin": "8px",
                      }
                    }
                  >
                    <span>
                      <p>
                        You have no running experiments.
                      </p>
                      <p>
                        You can start one by selecting a model and configuring an experiment on it.
                      </p>
                    </span>
                  </div>
                </ul>
              </div>
            </span>
          </li>
          <li
            className="uib-dropdown toolbar-icon-bg"
          >
            <a
              aria-current={null}
              href="/profile"
              onClick={[Function]}
              title="Profile"
            >
              <img
                alt="anonymous"
                className="img-circle"
                src="default_user.png"
              />
            </a>
            <ul
              className="dropdown-menu userinfo arrow"
            >
              <li>
                <a
                  href="/profile"
                  ui-sref="profile"
                >
                  <i
                    className="ti ti-user"
                  />
                  <span>
                    Profile
                  </span>
                </a>
              </li>
              <li
                className="divider"
              />
              <li>
                <a
                  href="/login/logout"
                  id="logout-link"
                  ng-click="logout()"
                >
                  <i
                    className="ti ti-shift-right"
                  />
                  <span>
                    Sign out
                  </span>
                </a>
              </li>
            </ul>
          </li>
          <li
            className="toolbar-icon-bg hidden-xs help"
          >
            <div
              className="sc-brqgnP hzzHZ"
            >
              <div
                className="dropdown btn-group btn-group-default"
              >
                <button
                  aria-expanded={false}
                  aria-haspopup={true}
                  className="dropdown-toggle btn btn-default"
                  disabled={false}
                  id="help-dropdown"
                  onClick={[Function]}
                  onKeyDown={[Function]}
                  role="button"
                  type="button"
                >
                  help
                   
                  <span
                    className="caret"
                  />
                </button>
                <ul
                  aria-labelledby="help-dropdown"
                  className="dropdown-menu"
                  role="menu"
                >
                  <li
                    className=""
                    role="presentation"
                  >
                    <a
                      href="#"
                      onClick={[Function]}
                      onKeyDown={[Function]}
                      role="menuitem"
                      tabIndex="-1"
                    >
                      <span
                        className="glyphicon-book glyph"
                      />
                       MIP Documentation
                    </a>
                  </li>
                  <li
                    className=""
                    role="presentation"
                  >
                    <a
                      href="#"
                      onClick={[Function]}
                      onKeyDown={[Function]}
                      role="menuitem"
                      tabIndex="-1"
                    >
                      <span
                        className="glyphicon-film glyph"
                      />
                       MIP introduction (video)
                    </a>
                  </li>
                  <div
                    onKeyDown={[Function]}
                    onSelect={[Function]}
                  >
                    <span
                      className="glyphicon-envelope glyph"
                    />
                     Email us at
                     
                    <a
                      href="mailto://support@humanbrainproject.eu"
                    >
                      support@humanbrainproject.eu
                    </a>
                  </div>
                  <div>
                    <div
                      id="feedback-form"
                    />
                  </div>
                </ul>
              </div>
            </div>
          </li>
          <li
            className="toolbar-trigger toolbar-icon-bg"
          >
            <a
              href="/hbpapps"
              title="App"
              ui-sref="hbpapps"
            >
              <span
                className="icon-bg"
              >
                <i
                  className="ti ti-layout-grid3-alt "
                  style={
                    Object {
                      "fontFamily": "themify",
                      "fontWeight": "normal",
                    }
                  }
                />
              </span>
            </a>
          </li>
        </ul>
      </div>
    </header>
  </header>
  <section
    className="main-content sc-fMiknA eEoNzf"
  >
    <div
      className="sc-jAaTju qNdbr"
    >
      <div
        className="sc-jDwBTQ cdxgNu"
      >
        <div
          className="sc-brqgnP hzzHZ"
        >
          <div
            className="dropdown btn-group btn-group-default"
          >
            <button
              aria-expanded={false}
              aria-haspopup={true}
              className="dropdown-toggle btn btn-default"
              disabled={false}
              id="help-dropdown"
              onClick={[Function]}
              onKeyDown={[Function]}
              role="button"
              type="button"
            >
              help
               
              <span
                className="caret"
              />
            </button>
            <ul
              aria-labelledby="help-dropdown"
              className="dropdown-menu"
              role="menu"
            >
              <li
                className=""
                role="presentation"
              >
                <a
                  href="#"
                  onClick={[Function]}
                  onKeyDown={[Function]}
                  role="menuitem"
                  tabIndex="-1"
                >
                  <span
                    className="glyphicon-book glyph"
                  />
                   MIP Documentation
                </a>
              </li>
              <li
                className=""
                role="presentation"
              >
                <a
                  href="#"
                  onClick={[Function]}
                  onKeyDown={[Function]}
                  role="menuitem"
                  tabIndex="-1"
                >
                  <span
                    className="glyphicon-film glyph"
                  />
                   MIP introduction (video)
                </a>
              </li>
              <div
                onKeyDown={[Function]}
                onSelect={[Function]}
              >
                <span
                  className="glyphicon-envelope glyph"
                />
                 Email us at
                 
                <a
                  href="mailto://support@humanbrainproject.eu"
                >
                  support@humanbrainproject.eu
                </a>
              </div>
              <div>
                <div
                  id="feedback-form"
                />
              </div>
            </ul>
          </div>
        </div>
        <button
          className="btn btn-default"
          disabled={false}
          onClick={[Function]}
          type="submit"
        >
          Login
        </button>
      </div>
      <img
        alt="HBP logo"
        src="hbp_logo_320.png"
        title="Human Brain Project"
      />
      <h1>
        THE MEDICAL INFORMATICS PLATFORM
      </h1>
      <div
        className="sc-gPEVay ftfKKm"
      >
        <section>
          <p>
            Thousands of brain images and terabytes of invaluable associated medical data are produced every day at a gigantic pace around the world. The Medical Informatics Platform (MIP) aims to federate this information and provide the tools to the experts to effectively analyse it and advance more rapidly in understanding the neurological and psychiatric diseases. This will in turn allow identifying the biological changes associated and open real possibilities for early diagnosis and personalised medicine.
          </p>
          <p>
            The MIP provides methods to analyse federated data from hospitals, research centres and biobanks. Clinical scientists can develop, share and release results of their research. The MIP aims to bring together people across professional and scientific fields encourages them to actively contribute to the design and development of the services which the MIP provides.
          </p>
        </section>
        <div>
          <section>
            <h3>
              The MIP has three main goals:
            </h3>
            <ul>
              <li>
                Build the tools to federate clinical data, currently inaccessible outside hospital and research archives;
              </li>
              <li>
                Recruit hospitals to contribute to and benefit by using the platform;
              </li>
              <li>
                Develop tools for extracting biological signatures of diseases from multi-level data.
              </li>
            </ul>
          </section>
          <section>
            <h3>
              You can use the MIP
            </h3>
            <ul>
              <li>
                as a clinician, for objective diagnoses and treatment of brain disease;
              </li>
              <li>
                as a neuroscientist, for the application and testing of new models and methods;
              </li>
              <li>
                as a pharmaceutical or biotech company, for disease target discovery.
              </li>
            </ul>
          </section>
        </div>
      </div>
    </div>
  </section>
  <footer
    id="footer"
  >
    <div
      className="clearfix container-fluid"
    >
      <div
        className="row"
      >
        <ul
          className="list-unstyled list-inline col-md-6"
        >
          <li>
            <h6
              className="copyright"
            >
              © 2015-2019
               
              <a
                href="https://www.humanbrainproject.eu/en/"
                title="The Human Brain Project Website"
              >
                Human Brain Project
              </a>
              . All right reserved
            </h6>
          </li>
        </ul>
        <div
          className="col-md-6 text-right"
        >
          
          Mode:
           
          Federation
        </div>
      </div>
    </div>
  </footer>
</div>
`;

exports[`Test App components AppContainer snapshot renders correctly 1`] = `
<div
  className="App"
>
  <header>
    <header
      className="navbar navbar-default navbar-fixed-top "
      id="topnav"
    >
      <div
        className="container-fluid"
      >
        <div
          className="logo-area"
        >
          <a
            aria-current={null}
            className="navbar-brand"
            href="/home"
            onClick={[Function]}
          >
            Human Brain Project
          </a>
        </div>
        <div
          className="app-instance-name"
        >
          <h2>
            MIP
          </h2>
        </div>
        <ul
          className="nav navbar-nav toolbar pull-right"
        >
          <li
            className="toolbar-icon-bg hidden-xs"
          >
            <a
              aria-current={null}
              href="/explore"
              onClick={[Function]}
              title="Epidemiological Exploration "
            >
              <span
                className="icon-bg"
              >
                <i>
                  EE
                </i>
              </span>
            </a>
          </li>
          <li
            className="toolbar-icon-bg hidden-xs"
          >
            <a
              aria-current={null}
              href="/review"
              onClick={[Function]}
              title="Interactive Analysis"
            >
              <span
                className="icon-bg"
              >
                <i>
                  IA
                </i>
              </span>
            </a>
          </li>
          <li
            className="toolbar-icon-bg hidden-xs bsd"
          >
            <span
              title="Biological Signature of Diseases"
            >
              <div
                className="dropdown btn-group btn-group-default"
              >
                <button
                  aria-expanded={false}
                  aria-haspopup={true}
                  className="dropdown-toggle btn btn-default"
                  disabled={false}
                  id="experiment-dropdown"
                  onClick={[Function]}
                  onKeyDown={[Function]}
                  role="button"
                  type="button"
                >
                  BSD
                </button>
                <ul
                  aria-labelledby="experiment-dropdown"
                  className="dropdown-menu"
                  role="menu"
                >
                  <div
                    onKeyDown={[Function]}
                    onSelect={[Function]}
                    style={
                      Object {
                        "margin": "8px",
                      }
                    }
                  >
                    <span>
                      <p>
                        You have no running experiments.
                      </p>
                      <p>
                        You can start one by selecting a model and configuring an experiment on it.
                      </p>
                    </span>
                  </div>
                </ul>
              </div>
            </span>
          </li>
          <li
            className="uib-dropdown toolbar-icon-bg"
          >
            <a
              aria-current={null}
              href="/profile"
              onClick={[Function]}
              title="Profile"
            >
              <img
                alt="anonymous"
                className="img-circle"
                src="default_user.png"
              />
            </a>
            <ul
              className="dropdown-menu userinfo arrow"
            >
              <li>
                <a
                  href="/profile"
                  ui-sref="profile"
                >
                  <i
                    className="ti ti-user"
                  />
                  <span>
                    Profile
                  </span>
                </a>
              </li>
              <li
                className="divider"
              />
              <li>
                <a
                  href="/login/logout"
                  id="logout-link"
                  ng-click="logout()"
                >
                  <i
                    className="ti ti-shift-right"
                  />
                  <span>
                    Sign out
                  </span>
                </a>
              </li>
            </ul>
          </li>
          <li
            className="toolbar-icon-bg hidden-xs help"
          >
            <div
              className="sc-brqgnP hzzHZ"
            >
              <div
                className="dropdown btn-group btn-group-default"
              >
                <button
                  aria-expanded={false}
                  aria-haspopup={true}
                  className="dropdown-toggle btn btn-default"
                  disabled={false}
                  id="help-dropdown"
                  onClick={[Function]}
                  onKeyDown={[Function]}
                  role="button"
                  type="button"
                >
                  help
                   
                  <span
                    className="caret"
                  />
                </button>
                <ul
                  aria-labelledby="help-dropdown"
                  className="dropdown-menu"
                  role="menu"
                >
                  <li
                    className=""
                    role="presentation"
                  >
                    <a
                      href="#"
                      onClick={[Function]}
                      onKeyDown={[Function]}
                      role="menuitem"
                      tabIndex="-1"
                    >
                      <span
                        className="glyphicon-book glyph"
                      />
                       MIP Documentation
                    </a>
                  </li>
                  <li
                    className=""
                    role="presentation"
                  >
                    <a
                      href="#"
                      onClick={[Function]}
                      onKeyDown={[Function]}
                      role="menuitem"
                      tabIndex="-1"
                    >
                      <span
                        className="glyphicon-film glyph"
                      />
                       MIP introduction (video)
                    </a>
                  </li>
                  <div
                    onKeyDown={[Function]}
                    onSelect={[Function]}
                  >
                    <span
                      className="glyphicon-envelope glyph"
                    />
                     Email us at
                     
                    <a
                      href="mailto://support@humanbrainproject.eu"
                    >
                      support@humanbrainproject.eu
                    </a>
                  </div>
                  <div>
                    <div
                      id="feedback-form"
                    />
                  </div>
                </ul>
              </div>
            </div>
          </li>
          <li
            className="toolbar-trigger toolbar-icon-bg"
          >
            <a
              href="/hbpapps"
              title="App"
              ui-sref="hbpapps"
            >
              <span
                className="icon-bg"
              >
                <i
                  className="ti ti-layout-grid3-alt "
                  style={
                    Object {
                      "fontFamily": "themify",
                      "fontWeight": "normal",
                    }
                  }
                />
              </span>
            </a>
          </li>
        </ul>
      </div>
    </header>
  </header>
  <section
    className="main-content sc-fMiknA eEoNzf"
  >
    <div
      className="sc-jAaTju qNdbr"
    >
      <div
        className="sc-jDwBTQ cdxgNu"
      >
        <div
          className="sc-brqgnP hzzHZ"
        >
          <div
            className="dropdown btn-group btn-group-default"
          >
            <button
              aria-expanded={false}
              aria-haspopup={true}
              className="dropdown-toggle btn btn-default"
              disabled={false}
              id="help-dropdown"
              onClick={[Function]}
              onKeyDown={[Function]}
              role="button"
              type="button"
            >
              help
               
              <span
                className="caret"
              />
            </button>
            <ul
              aria-labelledby="help-dropdown"
              className="dropdown-menu"
              role="menu"
            >
              <li
                className=""
                role="presentation"
              >
                <a
                  href="#"
                  onClick={[Function]}
                  onKeyDown={[Function]}
                  role="menuitem"
                  tabIndex="-1"
                >
                  <span
                    className="glyphicon-book glyph"
                  />
                   MIP Documentation
                </a>
              </li>
              <li
                className=""
                role="presentation"
              >
                <a
                  href="#"
                  onClick={[Function]}
                  onKeyDown={[Function]}
                  role="menuitem"
                  tabIndex="-1"
                >
                  <span
                    className="glyphicon-film glyph"
                  />
                   MIP introduction (video)
                </a>
              </li>
              <div
                onKeyDown={[Function]}
                onSelect={[Function]}
              >
                <span
                  className="glyphicon-envelope glyph"
                />
                 Email us at
                 
                <a
                  href="mailto://support@humanbrainproject.eu"
                >
                  support@humanbrainproject.eu
                </a>
              </div>
              <div>
                <div
                  id="feedback-form"
                />
              </div>
            </ul>
          </div>
        </div>
        <button
          className="btn btn-default"
          disabled={false}
          onClick={[Function]}
          type="submit"
        >
          Login
        </button>
      </div>
      <img
        alt="HBP logo"
        src="hbp_logo_320.png"
        title="Human Brain Project"
      />
      <h1>
        THE MEDICAL INFORMATICS PLATFORM
      </h1>
      <div
        className="sc-gPEVay ftfKKm"
      >
        <section>
          <p>
            Thousands of brain images and terabytes of invaluable associated medical data are produced every day at a gigantic pace around the world. The Medical Informatics Platform (MIP) aims to federate this information and provide the tools to the experts to effectively analyse it and advance more rapidly in understanding the neurological and psychiatric diseases. This will in turn allow identifying the biological changes associated and open real possibilities for early diagnosis and personalised medicine.
          </p>
          <p>
            The MIP provides methods to analyse federated data from hospitals, research centres and biobanks. Clinical scientists can develop, share and release results of their research. The MIP aims to bring together people across professional and scientific fields encourages them to actively contribute to the design and development of the services which the MIP provides.
          </p>
        </section>
        <div>
          <section>
            <h3>
              The MIP has three main goals:
            </h3>
            <ul>
              <li>
                Build the tools to federate clinical data, currently inaccessible outside hospital and research archives;
              </li>
              <li>
                Recruit hospitals to contribute to and benefit by using the platform;
              </li>
              <li>
                Develop tools for extracting biological signatures of diseases from multi-level data.
              </li>
            </ul>
          </section>
          <section>
            <h3>
              You can use the MIP
            </h3>
            <ul>
              <li>
                as a clinician, for objective diagnoses and treatment of brain disease;
              </li>
              <li>
                as a neuroscientist, for the application and testing of new models and methods;
              </li>
              <li>
                as a pharmaceutical or biotech company, for disease target discovery.
              </li>
            </ul>
          </section>
        </div>
      </div>
    </div>
  </section>
  <footer
    id="footer"
  >
    <div
      className="clearfix container-fluid"
    >
      <div
        className="row"
      >
        <ul
          className="list-unstyled list-inline col-md-6"
        >
          <li>
            <h6
              className="copyright"
            >
              © 2015-2019
               
              <a
                href="https://www.humanbrainproject.eu/en/"
                title="The Human Brain Project Website"
              >
                Human Brain Project
              </a>
              . All right reserved
            </h6>
          </li>
        </ul>
        <div
          className="col-md-6 text-right"
        >
          
          Mode:
           
          Federation
        </div>
      </div>
    </div>
  </footer>
</div>
`;
